// Jest Snapshot v1, https://goo.gl/fbAQLP

exports[`Component: BookShelf should match its empty snapshot 1`] = `
<div
  className="bookshelf"
>
  <h2
    className="bookshelf-title"
  />
  <div
    className="bookshelf-books"
  >
    <BooksGrid />
  </div>
</div>
`;

exports[`Component: BookShelf should render the props 1`] = `
<div
  className="bookshelf"
>
  <h2
    className="bookshelf-title"
  >
    test shelf
  </h2>
  <div
    className="bookshelf-books"
  >
    <BooksGrid
      books={
        Array [
          Object {
            "authors": Array [
              "Harper Lee",
            ],
            "id": "nggnmAEACAAJ",
            "imageLinks": Object {
              "smallThumbnail": "http://books.google.com/books/content?id=PGR2AwAAQBAJ&printsec=frontcover&img=1&zoom=5&imgtk=AFLRE73-GnPVEyb7MOCxDzOYF1PTQRuf6nCss9LMNOSWBpxBrz8Pm2_mFtWMMg_Y1dx92HT7cUoQBeSWjs3oEztBVhUeDFQX6-tWlWz1-feexS0mlJPjotcwFqAg6hBYDXuK_bkyHD-y&source=gbs_api",
              "thumbnail": "http://books.google.com/books/content?id=PGR2AwAAQBAJ&printsec=frontcover&img=1&zoom=1&imgtk=AFLRE73-GnPVEyb7MOCxDzOYF1PTQRuf6nCss9LMNOSWBpxBrz8Pm2_mFtWMMg_Y1dx92HT7cUoQBeSWjs3oEztBVhUeDFQX6-tWlWz1-feexS0mlJPjotcwFqAg6hBYDXuK_bkyHD-y&source=gbs_api",
            },
            "shelf": "currentlyReading",
            "title": "To Kill a Mockingbird",
          },
          Object {
            "authors": Array [
              "Orson Scott Card",
            ],
            "id": "sJf1vQAACAAJ",
            "imageLinks": Object {
              "smallThumbnail": "http://books.google.com/books/content?id=yDtCuFHXbAYC&printsec=frontcover&img=5&zoom=1&imgtk=AFLRE72RRiTR6U5OUg3IY_LpHTL2NztVWAuZYNFE8dUuC0VlYabeyegLzpAnDPeWxE6RHi0C2ehrR9Gv20LH2dtjpbcUcs8YnH5VCCAH0Y2ICaKOTvrZTCObQbsfp4UbDqQyGISCZfGN&source=gbs_api",
              "thumbnail": "http://books.google.com/books/content?id=yDtCuFHXbAYC&printsec=frontcover&img=1&zoom=1&imgtk=AFLRE72RRiTR6U5OUg3IY_LpHTL2NztVWAuZYNFE8dUuC0VlYabeyegLzpAnDPeWxE6RHi0C2ehrR9Gv20LH2dtjpbcUcs8YnH5VCCAH0Y2ICaKOTvrZTCObQbsfp4UbDqQyGISCZfGN&source=gbs_api",
            },
            "shelf": "currentlyReading",
            "title": "Ender's Game",
          },
        ]
      }
    />
  </div>
</div>
`;
