// Jest Snapshot v1, https://goo.gl/fbAQLP

exports[`Component: BookShelfChanger should match its empty snapshot 1`] = `null`;

exports[`Component: BookShelfChanger should select the shelf of the book 1`] = `
<div
  className="book-shelf-changer"
>
  <select
    onchange={[Function]}
    value="wantToRead"
  >
    <option
      disabled={true}
      value="none"
    >
      Move to...
    </option>
    <option
      value="currentlyReading"
    >
      Currently Reading
    </option>
    <option
      value="wantToRead"
    >
      Want to Read
    </option>
    <option
      value="read"
    >
      Read
    </option>
    <option
      value="none"
    >
      None
    </option>
  </select>
</div>
`;
